// Vitest Snapshot v1, https://vitest.dev/guide/snapshot.html

exports[`Hello.svelte > mounts 1`] = `undefined`;
